D:\Google‘∆∂À”≤≈Ã\Course\CSE308\DistrictDesignerServer\src\main\java\enums\Metric.java
D:\Google‘∆∂À”≤≈Ã\Course\CSE308\DistrictDesignerServer\src\main\java\enums\ShortName.java
D:\Google‘∆∂À”≤≈Ã\Course\CSE308\DistrictDesignerServer\src\main\java\metrics\Schwartzberg.java
D:\Google‘∆∂À”≤≈Ã\Course\CSE308\DistrictDesignerServer\src\main\java\regions\State.java
D:\Google‘∆∂À”≤≈Ã\Course\CSE308\DistrictDesignerServer\src\main\java\algorithms\Algorithm.java
D:\Google‘∆∂À”≤≈Ã\Course\CSE308\DistrictDesignerServer\src\main\java\utils\Validator.java
D:\Google‘∆∂À”≤≈Ã\Course\CSE308\DistrictDesignerServer\src\main\java\algorithms\SimulatedAnnealing.java
D:\Google‘∆∂À”≤≈Ã\Course\CSE308\DistrictDesignerServer\src\main\java\servlets\StopAlgorithm.java
D:\Google‘∆∂À”≤≈Ã\Course\CSE308\DistrictDesignerServer\src\main\java\algorithms\RegionGrowing.java
D:\Google‘∆∂À”≤≈Ã\Course\CSE308\DistrictDesignerServer\src\main\java\enums\SessionAttribute.java
D:\Google‘∆∂À”≤≈Ã\Course\CSE308\DistrictDesignerServer\src\main\java\servlets\StartAlgorithm.java
D:\Google‘∆∂À”≤≈Ã\Course\CSE308\DistrictDesignerServer\src\main\java\utils\HibernateManager.java
D:\Google‘∆∂À”≤≈Ã\Course\CSE308\DistrictDesignerServer\src\main\java\enums\AlgorithmType.java
D:\Google‘∆∂À”≤≈Ã\Course\CSE308\DistrictDesignerServer\src\main\java\regions\District.java
D:\Google‘∆∂À”≤≈Ã\Course\CSE308\DistrictDesignerServer\src\main\java\utils\QueryCondition.java
D:\Google‘∆∂À”≤≈Ã\Course\CSE308\DistrictDesignerServer\src\main\java\beans\StartRequestParams.java
D:\Google‘∆∂À”≤≈Ã\Course\CSE308\DistrictDesignerServer\src\main\java\enums\ComparisonType.java
D:\Google‘∆∂À”≤≈Ã\Course\CSE308\DistrictDesignerServer\src\main\java\regions\Precinct.java
D:\Google‘∆∂À”≤≈Ã\Course\CSE308\DistrictDesignerServer\src\main\java\enums\ResponseAttribute.java
